[profitcoin.ltd/index.html]
[backblue.gif]
[fade.gif]
[index.html]
[profitcoin.ltd/wp-content/plugins/gtranslate/gtranslate-style245697.css]
[profitcoin.ltd/wp-content/plugins/user-registration/assets/css/sweetalert2/sweetalert2.min782a.css]
[profitcoin.ltd/wp-content/plugins/user-registration/assets/css/user-registration5f00.css]
[profitcoin.ltd/wp-content/plugins/user-registration/assets/css/user-registration-smallscreen5f00.css]
[profitcoin.ltd/feed/index.html]
[profitcoin.ltd/wp-content/plugins/user-registration/assets/css/my-account-layout5f00.css]
[profitcoin.ltd/wp-includes/css/dashicons.min5697.css]
[profitcoin.ltd/wp-includes/css/dist/block-library/style.min5697.css]
[profitcoin.ltd/comments/feed/index.html]
[profitcoin.ltd/wp-includes/css/dist/block-library/theme.min5697.css]
[profitcoin.ltd/wp-content/plugins/woocommerce/packages/woocommerce-blocks/build/vendors-style6b00.css]
[profitcoin.ltd/wp-content/plugins/woocommerce/packages/woocommerce-blocks/build/style6b00.css]
[profitcoin.ltd/wp-content/plugins/addon-elements-for-elementor-page-builder/assets/css/eae.min5697.css]
[profitcoin.ltd/wp-content/plugins/elementor/assets/lib/font-awesome/css/v4-shims.min5697.css]
[profitcoin.ltd/wp-content/plugins/elementor/assets/lib/font-awesome/css/all.min5697.css]
[profitcoin.ltd/wp-content/plugins/addon-elements-for-elementor-page-builder/assets/lib/vegas/vegas.min5697.css]
[profitcoin.ltd/wp-content/plugins/contact-form-7/includes/css/stylesbb49.css]
[profitcoin.ltd/wp-content/plugins/premium-cryptocurrency-widgets/assets/css/style18bb.css]
[profitcoin.ltd/wp-content/plugins/revslider/public/assets/css/rs6f731.css]
[profitcoin.ltd/wp-content/themes/oceanwp/assets/fonts/fontawesome/css/all.minaec5.css]
[profitcoin.ltd/wp-content/themes/oceanwp/assets/css/third/simple-line-icons.min8d5a.css]
[profitcoin.ltd/wp-content/themes/oceanwp/assets/css/third/magnific-popup.min8a54.css]
[profitcoin.ltd/wp-content/themes/oceanwp/assets/css/third/slick.minaff7.css]
[profitcoin.ltd/wp-content/themes/oceanwp/assets/css/style.min4511.css]
[profitcoin.ltd/wp-content/themes/oceanwp/assets/css/woo/woo-mini-cart.min5697.css]
[profitcoin.ltd/wp-content/themes/oceanwp/assets/css/woo/woocommerce.min5697.css]
[profitcoin.ltd/wp-content/themes/oceanwp/assets/css/woo/woo-star-font.min5697.css]
[profitcoin.ltd/wp-content/themes/oceanwp/assets/css/woo/woo-quick-view.min5697.css]
[profitcoin.ltd/wp-content/plugins/mycred/assets/css/mycred-front572f.css]
[profitcoin.ltd/wp-content/plugins/elementor/assets/lib/eicons/css/elementor-icons.min87e8.css]
[profitcoin.ltd/wp-content/plugins/elementor/assets/lib/animations/animations.min7c53.css]
[profitcoin.ltd/wp-content/plugins/elementor/assets/css/frontend.min7c53.css]
[profitcoin.ltd/wp-content/plugins/elementor-pro/assets/css/frontend.mineed8.css]
[profitcoin.ltd/wp-content/plugins/elementor-extras/assets/lib/nicons/css/nicons5bf8.css]
[profitcoin.ltd/wp-content/plugins/elementor-extras/assets/css/frontend.min5bf8.css]
[profitcoin.ltd/wp-content/uploads/elementor/css/globald12a.css]
[profitcoin.ltd/wp-content/uploads/elementor/css/post-83959.css]
[profitcoin.ltd/wp-content/plugins/gradient-button-for-elementor/assets/css/frontend19f6.css]
[profitcoin.ltd/wp-content/plugins/ocean-extra/assets/css/widgets5697.css]
[profitcoin.ltd/wp-content/plugins/elementor/assets/lib/font-awesome/css/fontawesome.minb683.css]
[profitcoin.ltd/wp-content/plugins/elementor/assets/lib/font-awesome/css/solid.minb683.css]
[profitcoin.ltd/wp-content/plugins/elementor/assets/lib/font-awesome/css/brands.minb683.css]
[profitcoin.ltd/wp-includes/js/jquery/jquery4a5f.js]
[profitcoin.ltd/wp-content/plugins/elementor/assets/lib/font-awesome/js/v4-shims.min5697.js]
[profitcoin.ltd/wp-content/plugins/revslider/public/assets/js/rbtools.minf049.js]
[profitcoin.ltd/wp-content/plugins/revslider/public/assets/js/rs6.minf731.js]
[profitcoin.ltd/wp-json/index.html]
[profitcoin.ltd/wp-json/wp/v2/pages/8.json]
[profitcoin.ltd/xmlrpc0db0.php]
[profitcoin.ltd/wp-includes/wlwmanifest.xml]
[profitcoin.ltd/wp-json/oembed/1.0/embedfa1e.json]
[profitcoin.ltd/wp-json/oembed/1.0/embedd7e3]
[profitcoin.ltd/wp-content/uploads/2020/09/cropped-profitcoin-icon-1-32x32.png]
[profitcoin.ltd/wp-content/uploads/2020/09/cropped-profitcoin-icon-1-192x192.png]
[profitcoin.ltd/wp-content/uploads/2020/09/cropped-profitcoin-icon-1-180x180.png]
[profitcoin.ltd/wp-content/uploads/2020/09/profitcoin-logo-1024x241.png]
[profitcoin.ltd/wp-content/plugins/gtranslate/switcher.png]
[profitcoin.ltd/wp-content/plugins/gtranslate/arrow_down.png]
[profitcoin.ltd/wp-content/plugins/gtranslate/arrow_up.png]
[profitcoin.ltd/wp-content/plugins/gtranslate/flags/16/en.png]
[translate.google.com/translate_a/element.397876.delayed]
[profitcoin.ltd/wp-content/plugins/cryptocurrency-price-ticker-widget/assets/coin-logos/bitcoin.svg]
[profitcoin.ltd/wp-content/plugins/cryptocurrency-price-ticker-widget/assets/coin-logos/ethereum.svg]
[profitcoin.ltd/about-us/index.html]
[profitcoin.ltd/contact-us/index.html]
[profitcoin.ltd/terms-and-conditions/index.html]
[profitcoin.ltd/register/index.html]
[profitcoin.ltd/wp-content/plugins/cryptocurrency-price-ticker-widget/assets/coin-logos/tether.svg]
[assets.coingecko.com/coins/images/825/large/binance-coin-logoe5ec.png]
[profitcoin.ltd/wp-content/plugins/cryptocurrency-price-ticker-widget/assets/coin-logos/cardano.svg]
[assets.coingecko.com/coins/images/12171/large/aJGBjJFU_400x4000b23.jpg]
[profitcoin.ltd/login/index.html]
[profitcoin.ltd/wp-content/plugins/cryptocurrency-price-ticker-widget/assets/coin-logos/ripple.svg]
[assets.coingecko.com/coins/images/13876/large/JASMY200x200b260.jpg]
[assets.coingecko.com/coins/images/12504/large/uniswap-unibf13.png]
[profitcoin.ltd/wp-content/plugins/cryptocurrency-price-ticker-widget/assets/coin-logos/theta-token.svg]
[profitcoin.ltd/wp-content/uploads/2020/09/bitcoin-photo.png]
[profitcoin.ltd/wp-content/uploads/2020/09/coin.png]
[profitcoin.ltd/wp-content/uploads/2020/09/02.jpg]
[profitcoin.ltd/wp-content/uploads/2020/10/orange.png]
[profitcoin.ltd/wp-content/uploads/2020/10/features-8.png]
[profitcoin.ltd/wp-content/uploads/2020/10/features-2.png]
[profitcoin.ltd/wp-content/uploads/2020/10/features-1.png]
[profitcoin.ltd/wp-content/uploads/2020/10/features-3.png]
[profitcoin.ltd/wp-content/plugins/revslider/public/assets/assets/transparent.png]
[profitcoin.ltd/wp-content/uploads/2020/10/105496652-1539107947284gettyimages-917296340.jpg]
[profitcoin.ltd/wp-content/uploads/2020/09/profitcoin-icon-1.png]
[profitcoin.ltd/wp-content/uploads/2020/10/elliptical-bottom-1.png]
[profitcoin.ltd/wp-content/uploads/2020/10/elliptical-top-1.png]
[profitcoin.ltd/wp-content/uploads/2020/10/Corporate-Portraits-by-Brandon-Barnard-Photographer-813x1024.jpg]
[profitcoin.ltd/wp-content/uploads/2020/10/Darren-Headshots8.jpg]
[profitcoin.ltd/wp-content/uploads/2020/10/slider1.jpg]
[profitcoin.ltd/wp-content/uploads/2020/10/slider3.jpg]
[profitcoin.ltd/wp-content/uploads/2020/10/small-team2-1.jpg]
[profitcoin.ltd/wp-content/uploads/2020/10/small-team6-1.jpg]
[profitcoin.ltd/wp-content/uploads/2020/10/small-team3-1.jpg]
[profitcoin.ltd/wp-content/uploads/2020/10/small-team4-1.jpg]
[profitcoin.ltd/wp-content/uploads/2020/10/small-team1-1.jpg]
[profitcoin.ltd/wp-content/uploads/2020/10/small-team7-1.jpg]
[profitcoin.ltd/wp-content/uploads/2020/10/small-team5-1.jpg]
[profitcoin.ltd/wp-content/uploads/2020/10/cointelegraph-1-300x68.png]
[profitcoin.ltd/wp-content/uploads/2020/10/ezgif.com-webp-to-png-1-1-300x62.png]
[profitcoin.ltd/wp-content/uploads/2020/10/ezgif.com-webp-to-png-2-1-300x56.png]
[profitcoin.ltd/wp-content/uploads/2020/10/ezgif.com-webp-to-png-3-1-300x60.png]
[profitcoin.ltd/wp-content/uploads/2020/10/ezgif.com-webp-to-png-4-1-300x74.png]
[profitcoin.ltd/wp-content/uploads/2020/10/ezgif.com-webp-to-png-5-1.png]
[profitcoin.ltd/wp-content/uploads/2020/10/ezgif.com-webp-to-png-6-1-300x58.png]
[profitcoin.ltd/wp-content/uploads/2020/10/ezgif.com-webp-to-png-7-1-300x39.png]
[profitcoin.ltd/wp-content/uploads/2020/10/ezgif.com-webp-to-png-8-1.png]
[profitcoin.ltd/wp-content/uploads/2020/10/ezgif.com-webp-to-png-9-1-300x46.png]
[profitcoin.ltd/wp-content/uploads/2020/10/ezgif.com-webp-to-png-10-1.png]
[profitcoin.ltd/wp-content/uploads/2020/10/ezgif.com-webp-to-png-11-1-300x27.png]
[profitcoin.ltd/wp-content/uploads/2020/10/ezgif.com-webp-to-png-12-1.png]
[profitcoin.ltd/wp-content/uploads/2020/10/ezgif.com-webp-to-png-13-1-300x59.png]
[profitcoin.ltd/wp-content/uploads/2020/10/ezgif.com-webp-to-png-14-1.png]
[profitcoin.ltd/wp-content/uploads/2020/10/ezgif.com-webp-to-png-15.png]
[profitcoin.ltd/wp-content/uploads/2020/10/inside-bitcoins-1.png]
[profitcoin.ltd/wp-content/uploads/2020/10/voa-1.png]
[profitcoin.ltd/cdn-cgi/l/email-protection.html]
[profitcoin.ltd/cdn-cgi/scripts/5c5dd728/cloudflare-static/email-decode.min.js]
[profitcoin.ltd/wp-content/plugins/cryptocurrency-price-ticker-widget/assets/css/bootstrap.min5697.css]
[profitcoin.ltd/wp-content/plugins/cryptocurrency-price-ticker-widget/assets/css/ccpw-icons5697.css]
[profitcoin.ltd/wp-content/plugins/cryptocurrency-price-ticker-widget/assets/css/ccpw-styles.css]
[profitcoin.ltd/wp-content/plugins/premium-addons-for-elementor/assets/frontend/min-css/premium-addons.mineeb3.css]
[profitcoin.ltd/wp-content/plugins/addon-elements-for-elementor-page-builder/assets/js/eae.min5152.js]
[profitcoin.ltd/wp-includes/js/imagesloaded.mineda1.js]
[profitcoin.ltd/wp-includes/js/masonry.min3a05.js]
[profitcoin.ltd/wp-content/plugins/addon-elements-for-elementor-page-builder/assets/js/animated-main.min5152.js]
[profitcoin.ltd/wp-content/plugins/addon-elements-for-elementor-page-builder/assets/js/particles.min5152.js]
[profitcoin.ltd/wp-content/plugins/addon-elements-for-elementor-page-builder/assets/lib/magnific.min3aa8.js]
[profitcoin.ltd/wp-content/plugins/addon-elements-for-elementor-page-builder/assets/lib/vegas/vegas.min8d5a.js]
[profitcoin.ltd/wp-content/plugins/addon-elements-for-elementor-page-builder/assets/lib/swiper/js/swiper.min4f24.js]
[profitcoin.ltd/wp-content/plugins/addon-elements-for-elementor-page-builder/assets/lib/isotope/isotope.pkgd.min61da.js]
[profitcoin.ltd/privacy-policy/index.html]
[profitcoin.ltd/wp-content/plugins/addon-elements-for-elementor-page-builder/assets/lib/tilt/tilt.jquery.min5697.js]
[profitcoin.ltd/wp-content/plugins/contact-form-7/includes/js/scriptsbb49.js]
[profitcoin.ltd/wp-content/plugins/premium-cryptocurrency-widgets/assets/js/dist/app18bb.js]
[profitcoin.ltd/wp-content/plugins/woocommerce/assets/js/jquery-blockui/jquery.blockUI.min44fd.js]
[profitcoin.ltd/wp-content/plugins/woocommerce/assets/js/frontend/add-to-cart.min89df.js]
[profitcoin.ltd/wp-content/plugins/woocommerce/assets/js/js-cookie/js.cookie.min6b25.js]
[profitcoin.ltd/wp-content/plugins/woocommerce/assets/js/frontend/woocommerce.min89df.js]
[profitcoin.ltd/wp-content/plugins/woocommerce/assets/js/frontend/cart-fragments.min89df.js]
[profitcoin.ltd/wp-content/themes/oceanwp/assets/js/third/woo/woo-scripts.min4511.js]
[profitcoin.ltd/wp-content/plugins/elementor-extras/assets/lib/magnific-popup/js/magnific-popup.minf488.js]
[profitcoin.ltd/wp-content/themes/oceanwp/assets/js/third/lightbox.min4511.js]
[profitcoin.ltd/wp-content/themes/oceanwp/assets/js/main.min4511.js]
[profitcoin.ltd/wp-content/themes/oceanwp/assets/js/third/woo/woo-quick-view.min4511.js]
[profitcoin.ltd/wp-includes/js/underscore.min4511.js]
[profitcoin.ltd/wp-includes/js/wp-util.min5697.js]
[profitcoin.ltd/wp-content/plugins/woocommerce/assets/js/frontend/add-to-cart-variation.min89df.js]
[profitcoin.ltd/wp-content/plugins/woocommerce/assets/js/flexslider/jquery.flexslider.mineed8.js]
[profitcoin.ltd/wp-content/themes/oceanwp/assets/js/third/woo/woo-mini-cart.min4511.js]
[profitcoin.ltd/wp-includes/js/wp-embed.min5697.js]
[cdn.jsdelivr.net/bxslider/4.2.12/jquery.bxslider.js]
[profitcoin.ltd/wp-content/plugins/elementor/assets/lib/waypoints/waypoints.min05da.js]
[profitcoin.ltd/wp-content/plugins/premium-addons-for-elementor/assets/frontend/min-js/lottie.mineeb3.js]
[profitcoin.ltd/wp-content/plugins/premium-addons-for-elementor/assets/frontend/min-js/premium-addons.mineeb3.js]
[profitcoin.ltd/wp-content/uploads/essential-addons-elementor/cb70d11b8.mincf01.js]
[profitcoin.ltd/wp-content/plugins/elementor/assets/js/frontend-modules.min7c53.js]
[profitcoin.ltd/wp-content/plugins/elementor-pro/assets/lib/sticky/jquery.sticky.mineed8.js]
[profitcoin.ltd/wp-content/plugins/elementor-pro/assets/js/frontend.mineed8.js]
[profitcoin.ltd/wp-includes/js/jquery/ui/position.mine899.js]
[profitcoin.ltd/wp-content/plugins/elementor/assets/lib/dialog/dialog.minae9e.js]
[profitcoin.ltd/wp-content/plugins/elementor/assets/lib/swiper/swiper.min48f5.js]
[profitcoin.ltd/wp-content/plugins/elementor/assets/lib/share-link/share-link.min7c53.js]
[profitcoin.ltd/wp-content/plugins/elementor/assets/js/frontend.min7c53.js]
[profitcoin.ltd/wp-content/plugins/wpforms-lite/assets/js/integrations/elementor/frontend.minf343.js]
[profitcoin.ltd/wp-content/plugins/elementor-extras/assets/js/frontend.min5bf8.js]
[cdnjs.cloudflare.com/ajax/libs/gsap/1.20.2/TweenMax.min.js]
[profitcoin.ltd/wp-content/plugins/elementor-extras/assets/lib/parallax-gallery/parallax-gallery.min8a54.js]
[profitcoin.ltd/wp-content/plugins/elementor-extras/assets/lib/hotips/hotips.minf488.js]
[profitcoin.ltd/index.html]
[profitcoin.ltd/wp-content/plugins/gtranslate/24.png]
[profitcoin.ltd/wp-content/plugins/gtranslate/24a.png]
[profitcoin.ltd/wp-content/plugins/gtranslate/alt_flags.png]
[profitcoin.ltd/wp-content/plugins/gtranslate/alt_flagsa.png]
[profitcoin.ltd/wp-content/plugins/gtranslate/gtranslate-style245697.css]
[profitcoin.ltd/wp-content/plugins/user-registration/assets/css/sweetalert2/sweetalert2.min782a.css]
[profitcoin.ltd/wp-content/plugins/user-registration/assets/images/wpspin_light-2x.gif]
[profitcoin.ltd/wp-content/plugins/user-registration/assets/css/user-registration5f00.css]
[profitcoin.ltd/wp-content/plugins/user-registration/assets/css/user-registration-smallscreen5f00.css]
[profitcoin.ltd/wp-content/plugins/user-registration/assets/css/my-account-layout5f00.css]
[profitcoin.ltd/wp-includes/fonts/dashicons7d4b.eot]
[profitcoin.ltd/wp-includes/fonts/dashicons7d4b.ttf]
[profitcoin.ltd/wp-includes/css/dashicons.min5697.css]
[profitcoin.ltd/wp-includes/css/dist/block-library/style.min5697.css]
[profitcoin.ltd/wp-includes/css/dist/block-library/theme.min5697.css]
[profitcoin.ltd/wp-content/plugins/woocommerce/packages/woocommerce-blocks/build/vendors-style6b00.css]
[profitcoin.ltd/wp-content/plugins/woocommerce/packages/woocommerce-blocks/build/style6b00.css]
[profitcoin.ltd/wp-content/plugins/addon-elements-for-elementor-page-builder/assets/css/arrow-left.svg]
[profitcoin.ltd/wp-content/plugins/addon-elements-for-elementor-page-builder/assets/css/arrow-right.svg]
[profitcoin.ltd/wp-content/plugins/addon-elements-for-elementor-page-builder/assets/digit-sep-svg.svg]
[profitcoin.ltd/wp-content/plugins/addon-elements-for-elementor-page-builder/assets/digits-svg-alpha.svg]
[profitcoin.ltd/wp-content/plugins/addon-elements-for-elementor-page-builder/assets/css/eae.min5697.css]
[profitcoin.ltd/wp-content/plugins/elementor/assets/lib/font-awesome/css/v4-shims.min5697.css]
[profitcoin.ltd/wp-content/plugins/elementor/assets/lib/font-awesome/webfonts/fa-brands-400.eot]
[profitcoin.ltd/wp-content/plugins/elementor/assets/lib/font-awesome/webfonts/fa-brands-400d41d.eot]
[profitcoin.ltd/wp-content/plugins/elementor/assets/lib/font-awesome/webfonts/fa-brands-400.woff2]
[profitcoin.ltd/wp-content/plugins/elementor/assets/lib/font-awesome/webfonts/fa-brands-400.woff]
[profitcoin.ltd/wp-content/plugins/elementor/assets/lib/font-awesome/webfonts/fa-brands-400.ttf]
[profitcoin.ltd/wp-content/plugins/elementor/assets/lib/font-awesome/webfonts/fa-brands-400.svg]
[profitcoin.ltd/wp-content/plugins/elementor/assets/lib/font-awesome/webfonts/fa-regular-400.eot]
[profitcoin.ltd/wp-content/plugins/elementor/assets/lib/font-awesome/webfonts/fa-regular-400d41d.eot]
[profitcoin.ltd/wp-content/plugins/elementor/assets/lib/font-awesome/webfonts/fa-regular-400.woff2]
[profitcoin.ltd/wp-content/plugins/elementor/assets/lib/font-awesome/webfonts/fa-regular-400.woff]
[profitcoin.ltd/wp-content/plugins/elementor/assets/lib/font-awesome/webfonts/fa-regular-400.ttf]
[profitcoin.ltd/wp-content/plugins/elementor/assets/lib/font-awesome/webfonts/fa-regular-400.svg]
[profitcoin.ltd/wp-content/plugins/elementor/assets/lib/font-awesome/webfonts/fa-solid-900.eot]
[profitcoin.ltd/wp-content/plugins/elementor/assets/lib/font-awesome/webfonts/fa-solid-900d41d.eot]
[profitcoin.ltd/wp-content/plugins/elementor/assets/lib/font-awesome/webfonts/fa-solid-900.woff2]
[profitcoin.ltd/wp-content/plugins/elementor/assets/lib/font-awesome/webfonts/fa-solid-900.woff]
[profitcoin.ltd/wp-content/plugins/elementor/assets/lib/font-awesome/webfonts/fa-solid-900.ttf]
[profitcoin.ltd/wp-content/plugins/elementor/assets/lib/font-awesome/css/all.min5697.css]
[profitcoin.ltd/wp-content/plugins/addon-elements-for-elementor-page-builder/assets/lib/vegas/vegas.min5697.css]
[profitcoin.ltd/wp-content/plugins/contact-form-7/images/ajax-loader.gif]
[profitcoin.ltd/wp-content/plugins/contact-form-7/includes/css/stylesbb49.css]
[profitcoin.ltd/wp-content/plugins/elementor/assets/lib/font-awesome/webfonts/fa-solid-900.svg]
[profitcoin.ltd/wp-content/plugins/premium-cryptocurrency-widgets/assets/fonts/fontawesome/fa-solid-900.eot]
[profitcoin.ltd/wp-content/plugins/premium-cryptocurrency-widgets/assets/fonts/fontawesome/fa-solid-900d41d.eot]
[profitcoin.ltd/wp-content/plugins/premium-cryptocurrency-widgets/assets/fonts/fontawesome/fa-solid-900.woff2]
[profitcoin.ltd/wp-content/plugins/premium-cryptocurrency-widgets/assets/fonts/fontawesome/fa-solid-900.woff]
[profitcoin.ltd/wp-content/plugins/premium-cryptocurrency-widgets/assets/fonts/fontawesome/fa-solid-900.ttf]
[profitcoin.ltd/wp-content/plugins/premium-cryptocurrency-widgets/assets/fonts/fontawesome/fa-solid-900.svg]
[profitcoin.ltd/wp-content/plugins/premium-cryptocurrency-widgets/assets/css/style18bb.css]
[profitcoin.ltd/wp-content/plugins/revslider/public/assets/fonts/revicons/revicons90c6.eot]
[profitcoin.ltd/wp-content/plugins/revslider/public/assets/fonts/revicons/revicons90c6.woff]
[profitcoin.ltd/wp-content/plugins/revslider/public/assets/fonts/revicons/revicons90c6.ttf]
[profitcoin.ltd/wp-content/plugins/revslider/public/assets/fonts/revicons/revicons90c6.svg]
[profitcoin.ltd/wp-content/plugins/revslider/public/assets/css/openhand.cur]
[profitcoin.ltd/wp-content/plugins/revslider/public/assets/css/closedhand.cur]
[profitcoin.ltd/wp-content/plugins/revslider/public/assets/assets/gridtile.png]
[profitcoin.ltd/wp-content/plugins/revslider/public/assets/assets/gridtile_white.png]
[profitcoin.ltd/wp-content/plugins/revslider/public/assets/assets/gridtile_3x3.png]
[profitcoin.ltd/wp-content/plugins/revslider/public/assets/assets/gridtile_3x3_white.png]
[profitcoin.ltd/wp-content/plugins/revslider/public/assets/assets/coloredbg.png]
[profitcoin.ltd/wp-content/plugins/revslider/public/assets/assets/loader.gif]
[profitcoin.ltd/wp-content/plugins/revslider/public/assets/css/rs6f731.css]
[profitcoin.ltd/wp-content/themes/oceanwp/assets/fonts/fontawesome/webfonts/fa-brands-400.eot]
[profitcoin.ltd/wp-content/themes/oceanwp/assets/fonts/fontawesome/webfonts/fa-brands-400d41d.eot]
[profitcoin.ltd/wp-content/themes/oceanwp/assets/fonts/fontawesome/webfonts/fa-brands-400.woff2]
[profitcoin.ltd/wp-content/themes/oceanwp/assets/fonts/fontawesome/webfonts/fa-brands-400.woff]
[profitcoin.ltd/wp-content/themes/oceanwp/assets/fonts/fontawesome/webfonts/fa-brands-400.ttf]
[profitcoin.ltd/wp-content/themes/oceanwp/assets/fonts/fontawesome/webfonts/fa-brands-400.svg]
[profitcoin.ltd/wp-content/themes/oceanwp/assets/fonts/fontawesome/webfonts/fa-regular-400.eot]
[profitcoin.ltd/wp-content/themes/oceanwp/assets/fonts/fontawesome/webfonts/fa-regular-400d41d.eot]
[profitcoin.ltd/wp-content/themes/oceanwp/assets/fonts/fontawesome/webfonts/fa-regular-400.woff2]
[profitcoin.ltd/wp-content/themes/oceanwp/assets/fonts/fontawesome/webfonts/fa-regular-400.woff]
[profitcoin.ltd/wp-content/themes/oceanwp/assets/fonts/fontawesome/webfonts/fa-regular-400.ttf]
[profitcoin.ltd/wp-content/themes/oceanwp/assets/fonts/fontawesome/webfonts/fa-regular-400.svg]
[profitcoin.ltd/wp-content/themes/oceanwp/assets/fonts/fontawesome/webfonts/fa-solid-900.eot]
[profitcoin.ltd/wp-content/themes/oceanwp/assets/fonts/fontawesome/webfonts/fa-solid-900d41d.eot]
[profitcoin.ltd/wp-content/themes/oceanwp/assets/fonts/fontawesome/webfonts/fa-solid-900.woff2]
[profitcoin.ltd/wp-content/themes/oceanwp/assets/fonts/fontawesome/webfonts/fa-solid-900.woff]
[profitcoin.ltd/wp-content/themes/oceanwp/assets/fonts/fontawesome/webfonts/fa-solid-900.ttf]
[profitcoin.ltd/wp-content/themes/oceanwp/assets/fonts/fontawesome/css/all.minaec5.css]
[profitcoin.ltd/wp-content/themes/oceanwp/assets/fonts/fontawesome/webfonts/fa-solid-900.svg]
[profitcoin.ltd/wp-content/themes/oceanwp/assets/fonts/simple-line-icons/Simple-Line-Iconsb26c.eot]
[profitcoin.ltd/wp-content/themes/oceanwp/assets/fonts/simple-line-icons/Simple-Line-Iconsb26c.woff2]
[profitcoin.ltd/wp-content/themes/oceanwp/assets/fonts/simple-line-icons/Simple-Line-Iconsb26c.ttf]
[profitcoin.ltd/wp-content/themes/oceanwp/assets/fonts/simple-line-icons/Simple-Line-Iconsb26c.woff]
[profitcoin.ltd/wp-content/themes/oceanwp/assets/css/third/simple-line-icons.min8d5a.css]
[profitcoin.ltd/wp-content/themes/oceanwp/assets/css/third/magnific-popup.min8a54.css]
[profitcoin.ltd/wp-content/themes/oceanwp/assets/fonts/simple-line-icons/Simple-Line-Iconsb26c.svg]
[profitcoin.ltd/wp-content/themes/oceanwp/assets/fonts/slick/slick.eot]
[profitcoin.ltd/wp-content/themes/oceanwp/assets/fonts/slick/slickd41d.eot]
[profitcoin.ltd/wp-content/themes/oceanwp/assets/fonts/slick/slick.woff]
[profitcoin.ltd/wp-content/themes/oceanwp/assets/fonts/slick/slick.ttf]
[profitcoin.ltd/wp-content/themes/oceanwp/assets/fonts/slick/slick.svg]
[profitcoin.ltd/wp-content/themes/oceanwp/assets/css/third/slick.minaff7.css]
[profitcoin.ltd/wp-content/themes/oceanwp/assets/css/style.min4511.css]
[profitcoin.ltd/wp-content/themes/oceanwp/assets/css/woo/woo-mini-cart.min5697.css]
[profitcoin.ltd/wp-content/themes/oceanwp/assets/css/woo/woocommerce.min5697.css]
[profitcoin.ltd/wp-content/themes/oceanwp/assets/fonts/star/star.eot]
[profitcoin.ltd/wp-content/themes/oceanwp/assets/fonts/star/stard41d.eot]
[profitcoin.ltd/wp-content/themes/oceanwp/assets/fonts/star/star.woff]
[profitcoin.ltd/wp-content/themes/oceanwp/assets/fonts/star/star.ttf]
[profitcoin.ltd/wp-content/themes/oceanwp/assets/fonts/star/star.svg]
[profitcoin.ltd/wp-content/themes/oceanwp/assets/css/woo/woo-star-font.min5697.css]
[profitcoin.ltd/wp-content/themes/oceanwp/assets/css/woo/woo-quick-view.min5697.css]
[profitcoin.ltd/wp-content/plugins/mycred/assets/css/mycred-front572f.css]
[profitcoin.ltd/wp-content/plugins/elementor/assets/lib/eicons/fonts/eiconsf884.eot]
[profitcoin.ltd/wp-content/plugins/elementor/assets/lib/eicons/fonts/eiconsf884.woff2]
[profitcoin.ltd/wp-content/plugins/elementor/assets/lib/eicons/fonts/eiconsf884.woff]
[profitcoin.ltd/wp-content/plugins/elementor/assets/lib/eicons/fonts/eiconsf884.ttf]
[profitcoin.ltd/wp-content/plugins/elementor/assets/lib/eicons/css/elementor-icons.min87e8.css]
[profitcoin.ltd/wp-content/plugins/elementor/assets/lib/animations/animations.min7c53.css]
[profitcoin.ltd/wp-content/plugins/elementor/assets/css/frontend.min7c53.css]
[profitcoin.ltd/wp-content/plugins/elementor-pro/assets/css/frontend.mineed8.css]
[profitcoin.ltd/wp-content/plugins/elementor/assets/lib/eicons/fonts/eiconsf884.svg]
[profitcoin.ltd/wp-content/plugins/elementor-extras/assets/lib/nicons/fonts/nicons.eot]
[profitcoin.ltd/wp-content/plugins/elementor-extras/assets/lib/nicons/fonts/niconsd41d.eot]
[profitcoin.ltd/wp-content/plugins/elementor-extras/assets/lib/nicons/fonts/nicons.woff2]
[profitcoin.ltd/wp-content/plugins/elementor-extras/assets/lib/nicons/fonts/nicons.woff]
[profitcoin.ltd/wp-content/plugins/elementor-extras/assets/lib/nicons/fonts/nicons.ttf]
[profitcoin.ltd/wp-content/plugins/elementor-extras/assets/lib/nicons/fonts/nicons.svg]
[profitcoin.ltd/wp-content/plugins/elementor-extras/assets/lib/nicons/css/nicons5bf8.css]
[profitcoin.ltd/wp-content/plugins/elementor-extras/assets/css/frontend.min5bf8.css]
[profitcoin.ltd/wp-content/uploads/elementor/css/globald12a.css]
[profitcoin.ltd/wp-content/uploads/2020/10/section-bg.png]
[profitcoin.ltd/wp-content/uploads/2020/10/section-bg-1.png]
[profitcoin.ltd/wp-content/uploads/2020/10/26-sep-2.jpg]
[profitcoin.ltd/wp-content/uploads/elementor/css/post-83959.css]
[profitcoin.ltd/wp-content/plugins/gradient-button-for-elementor/assets/css/frontend19f6.css]
[profitcoin.ltd/wp-content/plugins/ocean-extra/assets/img/instagram-logo.png]
[profitcoin.ltd/wp-content/plugins/ocean-extra/assets/img/flickr.png]
[profitcoin.ltd/wp-content/plugins/ocean-extra/assets/css/widgets5697.css]
[profitcoin.ltd/wp-content/plugins/elementor/assets/lib/font-awesome/css/fontawesome.minb683.css]
[profitcoin.ltd/wp-content/plugins/elementor/assets/lib/font-awesome/css/solid.minb683.css]
[profitcoin.ltd/wp-content/plugins/elementor/assets/lib/font-awesome/css/brands.minb683.css]
[profitcoin.ltd/wp-includes/js/jquery/jquery4a5f.js]
[profitcoin.ltd/wp-content/plugins/elementor/assets/lib/font-awesome/js/v4-shims.min5697.js]
[profitcoin.ltd/wp-content/plugins/revslider/public/assets/js/rbtools.minf049.js]
[profitcoin.ltd/Trident/index.html]
[profitcoin.ltd/images/transparent.png]
[profitcoin.ltd/assets/transparent.png]
[profitcoin.ltd/wp-content/plugins/revslider/public/assets/js/rs6.minf731.js]
[translate.google.com/translate_a/element7876.html]
[player.vimeo.com/api/player.js]
[profitcoin.ltd/wp-content/uploads/elementor/css/post-1971a2d.css]
[profitcoin.ltd/wp-json/wp/v2/pages/197.json]
[profitcoin.ltd/wp-json/oembed/1.0/embed76bb.json]
[profitcoin.ltd/wp-json/oembed/1.0/embed654e]
[profitcoin.ltd/wp-content/uploads/essential-addons-elementor/0796207cc.min05e1.js]
[profitcoin.ltd/about-us/index.html]
[profitcoin.ltd/wp-content/uploads/elementor/css/post-199ff15.css]
[profitcoin.ltd/wp-json/wp/v2/pages/199.json]
[profitcoin.ltd/wp-json/oembed/1.0/embed8282.json]
[profitcoin.ltd/wp-json/oembed/1.0/embed59a3]
[profitcoin.ltd/wp-content/uploads/2020/07/cointelegraph-300x68.png]
[profitcoin.ltd/wp-content/uploads/2020/07/ezgif.com-webp-to-png-1-300x62.png]
[profitcoin.ltd/wp-content/uploads/2020/07/ezgif.com-webp-to-png-2-300x56.png]
[profitcoin.ltd/wp-content/uploads/2020/07/ezgif.com-webp-to-png-3-300x60.png]
[profitcoin.ltd/wp-content/uploads/2020/07/ezgif.com-webp-to-png-4-300x74.png]
[profitcoin.ltd/wp-content/uploads/2020/07/ezgif.com-webp-to-png-5.png]
[profitcoin.ltd/wp-content/uploads/2020/07/ezgif.com-webp-to-png-6-300x58.png]
[profitcoin.ltd/wp-content/uploads/2020/07/ezgif.com-webp-to-png-7-300x39.png]
[profitcoin.ltd/wp-content/uploads/2020/07/ezgif.com-webp-to-png-8.png]
[profitcoin.ltd/wp-content/uploads/2020/07/ezgif.com-webp-to-png-9-300x46.png]
[profitcoin.ltd/wp-content/uploads/2020/07/ezgif.com-webp-to-png-10.png]
[profitcoin.ltd/wp-content/uploads/2020/07/ezgif.com-webp-to-png-11-300x27.png]
[profitcoin.ltd/wp-content/uploads/2020/07/ezgif.com-webp-to-png-12.png]
[profitcoin.ltd/wp-content/uploads/2020/07/ezgif.com-webp-to-png-13-300x59.png]
[profitcoin.ltd/wp-content/uploads/2020/07/ezgif.com-webp-to-png-14.png]
[profitcoin.ltd/wp-content/uploads/2020/07/ezgif.com-webp-to-png.png]
[profitcoin.ltd/wp-content/uploads/2020/07/inside-bitcoins.png]
[profitcoin.ltd/wp-content/uploads/2020/07/voa.png]
[profitcoin.ltd/wp-content/uploads/essential-addons-elementor/901cae327.min05e1.js]
[profitcoin.ltd/contact-us/index.html]
[profitcoin.ltd/wp-content/uploads/elementor/css/post-201a82e.css]
[profitcoin.ltd/wp-json/wp/v2/pages/201.json]
[profitcoin.ltd/wp-json/oembed/1.0/embed1701.json]
[profitcoin.ltd/wp-json/oembed/1.0/embedbc24]
[profitcoin.ltd/wp-content/uploads/essential-addons-elementor/06497dff4.min05e1.js]
[profitcoin.ltd/terms-and-conditions/index.html]
[profitcoin.ltd/wp-content/uploads/elementor/css/post-258a00a.css]
[profitcoin.ltd/wp-json/wp/v2/pages/258.json]
[profitcoin.ltd/wp-json/oembed/1.0/embed2549.json]
[profitcoin.ltd/wp-json/oembed/1.0/embedb5ca]
[profitcoin.ltd/wp-content/plugins/user-registration/assets/js/frontend/jquery.validate.min24fc.js]
[profitcoin.ltd/wp-content/plugins/user-registration/assets/js/inputmask/jquery.inputmask.bundle.minbf7b.js]
[profitcoin.ltd/wp-content/plugins/user-registration/assets/js/frontend/user-registration.min5f00.js]
[profitcoin.ltd/wp-content/plugins/user-registration/assets/js/frontend/user-registration-form-validator.min5f00.js]
[profitcoin.ltd/wp-content/uploads/essential-addons-elementor/bc642f7e6.min8de9.js]
[profitcoin.ltd/register/index.html]
[profitcoin.ltd/wp-content/uploads/elementor/css/post-257f6f9.css]
[profitcoin.ltd/wp-json/wp/v2/pages/257.json]
[profitcoin.ltd/wp-json/oembed/1.0/embed2588.json]
[profitcoin.ltd/wp-json/oembed/1.0/embed779a]
[profitcoin.ltd/wp-content/uploads/2020/10/portfolio-photo1-1024x680-1.jpg]
[profitcoin.ltd/wp-content/plugins/user-registration/assets/js/jquery-tiptip/jquery.tipTip.min6f3e.js]
[profitcoin.ltd/wp-content/uploads/essential-addons-elementor/350bd4d96.minc5ba.js]
[profitcoin.ltd/login/index.html]
[profitcoin.ltd/wp-content/plugins/cryptocurrency-price-ticker-widget/assets/coin-logos/bitcoin.svg]
[profitcoin.ltd/wp-content/plugins/cryptocurrency-price-ticker-widget/assets/coin-logos/ethereum.svg]
[profitcoin.ltd/wp-content/plugins/cryptocurrency-price-ticker-widget/assets/coin-logos/tether.svg]
[profitcoin.ltd/wp-content/plugins/cryptocurrency-price-ticker-widget/assets/coin-logos/cardano.svg]
[profitcoin.ltd/wp-content/plugins/cryptocurrency-price-ticker-widget/assets/coin-logos/ripple.svg]
[profitcoin.ltd/wp-content/plugins/cryptocurrency-price-ticker-widget/assets/coin-logos/theta-token.svg]
[profitcoin.ltd/cdn-cgi/l/email-protection.html]
[profitcoin.ltd/wp-content/uploads/elementor/css/post-203559e.css]
[profitcoin.ltd/wp-json/wp/v2/pages/203.json]
[profitcoin.ltd/wp-json/oembed/1.0/embed58d1.json]
[profitcoin.ltd/wp-json/oembed/1.0/embeddd79]
[profitcoin.ltd/wp-content/uploads/essential-addons-elementor/e323cb1e3.mina4ca.js]
[profitcoin.ltd/privacy-policy/index.html]
[profitcoin.ltd/wp-content/plugins/cryptocurrency-price-ticker-widget/assets/css/bootstrap.min5697.css]
[profitcoin.ltd/wp-content/plugins/cryptocurrency-price-ticker-widget/assets/font/ccpwicons105e.eot]
[profitcoin.ltd/wp-content/plugins/cryptocurrency-price-ticker-widget/assets/font/ccpwicons105e.woff2]
[profitcoin.ltd/wp-content/plugins/cryptocurrency-price-ticker-widget/assets/font/ccpwicons105e.woff]
[profitcoin.ltd/wp-content/plugins/cryptocurrency-price-ticker-widget/assets/font/ccpwicons105e.ttf]
[profitcoin.ltd/wp-content/plugins/cryptocurrency-price-ticker-widget/assets/font/ccpwicons105e.svg]
[profitcoin.ltd/wp-content/plugins/cryptocurrency-price-ticker-widget/assets/css/ccpw-icons5697.css]
[profitcoin.ltd/wp-content/plugins/cryptocurrency-price-ticker-widget/assets/css/ccpw-styles.css]
[profitcoin.ltd/wp-content/plugins/premium-addons-for-elementor/assets/editor/fonts/pa-elements8adc.eot]
[profitcoin.ltd/wp-content/plugins/premium-addons-for-elementor/assets/editor/fonts/pa-elements8adc.ttf]
[profitcoin.ltd/wp-content/plugins/premium-addons-for-elementor/assets/editor/fonts/pa-elements8adc.woff]
[profitcoin.ltd/wp-content/plugins/premium-addons-for-elementor/assets/editor/fonts/pa-elements8adc.svg]
[profitcoin.ltd/wp-content/plugins/premium-addons-for-elementor/assets/frontend/min-css/premium-addons.mineeb3.css]
[profitcoin.ltd/wp-content/plugins/addon-elements-for-elementor-page-builder/assets/js/eae.min5152.js]
[profitcoin.ltd/wp-includes/js/imagesloaded.mineda1.js]
[profitcoin.ltd/wp-includes/js/masonry.min3a05.js]
[profitcoin.ltd/wp-content/plugins/addon-elements-for-elementor-page-builder/assets/js/animated-main.min5152.js]
[profitcoin.ltd/GET]
[profitcoin.ltd/Error pJS - No image.src]
[profitcoin.ltd/wp-content/plugins/addon-elements-for-elementor-page-builder/assets/js/particles.min5152.js]
[profitcoin.ltd/wp-content/plugins/addon-elements-for-elementor-page-builder/assets/lib/magnific.min3aa8.js]
[profitcoin.ltd/wp-content/plugins/addon-elements-for-elementor-page-builder/assets/lib/vegas/vegas.min8d5a.js]
[profitcoin.ltd/wp-content/plugins/addon-elements-for-elementor-page-builder/assets/lib/swiper/js/swiper.min4f24.js]
[profitcoin.ltd/wp-content/plugins/addon-elements-for-elementor-page-builder/assets/lib/isotope/isotope.pkgd.min61da.js]
[profitcoin.ltd/wp-content/plugins/addon-elements-for-elementor-page-builder/assets/lib/tilt/tilt.jquery.min5697.js]
[profitcoin.ltd/wp-content/plugins/contact-form-7/includes/js/scriptsbb49.js]
[profitcoin.ltd/wp-content/plugins/premium-cryptocurrency-widgets/assets/js/dist/app18bb.js]
[profitcoin.ltd/wp-content/plugins/woocommerce/assets/js/jquery-blockui/jquery.blockUI.min44fd.js]
[profitcoin.ltd/wp-content/plugins/woocommerce/assets/js/frontend/add-to-cart.min89df.js]
[profitcoin.ltd/wp-content/plugins/woocommerce/assets/js/js-cookie/js.cookie.min6b25.js]
[profitcoin.ltd/wp-content/plugins/woocommerce/assets/js/frontend/woocommerce.min89df.js]
[profitcoin.ltd/wp-content/plugins/woocommerce/assets/js/frontend/cart-fragments.min89df.js]
[profitcoin.ltd/wp-content/themes/oceanwp/assets/js/third/woo/woo-scripts.min4511.js]
[profitcoin.ltd/wp-content/plugins/elementor-extras/assets/lib/magnific-popup/js/magnific-popup.minf488.js]
[profitcoin.ltd/wp-content/themes/oceanwp/assets/js/third/lightbox.min4511.js]
[profitcoin.ltd/wp-content/themes/oceanwp/assets/js/main.min4511.js]
[profitcoin.ltd/wp-content/themes/oceanwp/assets/js/third/woo/woo-quick-view.min4511.js]
[profitcoin.ltd/wp-includes/js/underscore.min4511.js]
[profitcoin.ltd/wp-includes/js/wp-util.min5697.js]
[profitcoin.ltd/wp-content/plugins/woocommerce/assets/js/frontend/add-to-cart-variation.min89df.js]
[profitcoin.ltd/wp-content/plugins/woocommerce/assets/js/flexslider/jquery.flexslider.mineed8.js]
[profitcoin.ltd/wp-content/themes/oceanwp/assets/js/third/woo/woo-mini-cart.min4511.js]
[profitcoin.ltd/wp-includes/js/wp-embed.min5697.js]
[profitcoin.ltd/wp-content/plugins/elementor/assets/lib/waypoints/waypoints.min05da.js]
[profitcoin.ltd/wp-content/plugins/premium-addons-for-elementor/assets/frontend/min-js/lottie.mineeb3.js]
[profitcoin.ltd/Version/index.html]
[profitcoin.ltd/version/index-2.html]
[profitcoin.ltd/wp-content/plugins/premium-addons-for-elementor/assets/frontend/min-js/premium-addons.mineeb3.js]
[profitcoin.ltd/wp-content/uploads/essential-addons-elementor/cb70d11b8.mincf01.js]
[profitcoin.ltd/wp-content/plugins/elementor/assets/js/frontend-modules.min7c53.js]
[profitcoin.ltd/wp-content/plugins/elementor-pro/assets/lib/sticky/jquery.sticky.mineed8.js]
[profitcoin.ltd/wp-content/plugins/elementor-pro/assets/js/frontend.mineed8.js]
[profitcoin.ltd/wp-content/plugins/gradient-button-for-elementor/assets/js/frontend.min19f6.js]
[profitcoin.ltd/wp-includes/js/jquery/ui/position.mine899.js]
[profitcoin.ltd/wp-content/plugins/elementor/assets/lib/dialog/dialog.minae9e.js]
[profitcoin.ltd/wp-content/plugins/elementor/assets/lib/swiper/swiper.min48f5.js]
[profitcoin.ltd/edge/index.html]
[profitcoin.ltd/images/index.html]
[profitcoin.ltd/giItT1WQy@!-/index.html]
[profitcoin.ltd/wp-content/plugins/elementor/assets/lib/share-link/share-link.min7c53.js]
[profitcoin.ltd/wp-content/plugins/elementor/assets/js/frontend.min7c53.js]
[profitcoin.ltd/wp-content/plugins/wpforms-lite/assets/js/integrations/elementor/frontend.minf343.js]
[profitcoin.ltd/wp-content/plugins/elementor-extras/assets/js/frontend.min5bf8.js]
[profitcoin.ltd/wp-content/plugins/elementor-extras/assets/lib/parallax-gallery/parallax-gallery.min8a54.js]
[profitcoin.ltd/wp-content/plugins/elementor-extras/assets/lib/hotips/hotips.minf488.js]
[profitcoin.ltd/wp-content/plugins/addon-elements-for-elementor-page-builder/assets/css/arrow-left.svg]
[profitcoin.ltd/wp-content/plugins/addon-elements-for-elementor-page-builder/assets/css/arrow-right.svg]
[profitcoin.ltd/wp-content/plugins/addon-elements-for-elementor-page-builder/assets/digit-sep-svg.svg]
[profitcoin.ltd/wp-content/plugins/addon-elements-for-elementor-page-builder/assets/digits-svg-alpha.svg]
[profitcoin.ltd/wp-content/plugins/elementor/assets/lib/font-awesome/webfonts/fa-brands-400.svg]
[profitcoin.ltd/wp-content/plugins/elementor/assets/lib/font-awesome/webfonts/fa-regular-400.svg]
[profitcoin.ltd/Edge/index-2.html]
[profitcoin.ltd/wp-content/plugins/elementor/assets/lib/font-awesome/webfonts/fa-solid-900.svg]
[profitcoin.ltd/Firefox/index.html]
[profitcoin.ltd/Gecko/index.html]
[profitcoin.ltd/wp-content/plugins/premium-cryptocurrency-widgets/assets/fonts/fontawesome/fa-solid-900.svg]
[profitcoin.ltd/wp-content/plugins/revslider/public/assets/fonts/revicons/revicons90c6.svg]
[profitcoin.ltd/wp-content/themes/oceanwp/assets/fonts/fontawesome/webfonts/fa-brands-400.svg]
[profitcoin.ltd/wp-content/themes/oceanwp/assets/fonts/fontawesome/webfonts/fa-regular-400.svg]
[profitcoin.ltd/wp-content/themes/oceanwp/assets/fonts/fontawesome/webfonts/fa-solid-900.svg]
[profitcoin.ltd/wp-content/themes/oceanwp/assets/fonts/simple-line-icons/Simple-Line-Iconsb26c.svg]
[profitcoin.ltd/wp-content/themes/oceanwp/assets/fonts/slick/slick.svg]
[profitcoin.ltd/wp-content/themes/oceanwp/assets/fonts/star/star.svg]
[profitcoin.ltd/wp-content/plugins/elementor/assets/lib/eicons/fonts/eiconsf884.svg]
[profitcoin.ltd/wp-content/plugins/elementor-extras/assets/lib/nicons/fonts/nicons.svg]
[profitcoin.ltd/Trident/index.html]
[profitcoin.ltd/images/transparent.html]
[profitcoin.ltd/assets/transparent.html]
[profitcoin.ltd/origin=https_/index.html]
[profitcoin.ltd/wp-content/uploads/elementor/css/post-1971a2d.css]
[profitcoin.ltd/index85b3.html]
[profitcoin.ltd/wp-content/uploads/essential-addons-elementor/0796207cc.min05e1.js]
[profitcoin.ltd/wp-content/uploads/elementor/css/post-199ff15.css]
[profitcoin.ltd/index5051.html]
[profitcoin.ltd/wp-content/uploads/essential-addons-elementor/901cae327.min05e1.js]
[profitcoin.ltd/wp-content/uploads/elementor/css/post-201a82e.css]
[profitcoin.ltd/index5721.html]
[profitcoin.ltd/wp-content/uploads/essential-addons-elementor/06497dff4.min05e1.js]
[profitcoin.ltd/wp-content/uploads/2020/09/bg-mobile-hand.jpg]
[profitcoin.ltd/wp-content/uploads/elementor/css/post-258a00a.css]
[profitcoin.ltd/indexb773.html]
[profitcoin.ltd/dashboard/index.html]
[profitcoin.ltd/wp-content/plugins/user-registration/assets/js/frontend/jquery.validate.min24fc.js]
[profitcoin.ltd/wp-content/plugins/user-registration/assets/js/inputmask/jquery.inputmask.bundle.minbf7b.js]
[profitcoin.ltd/wp-content/plugins/user-registration/assets/js/frontend/user-registration.min5f00.js]
[profitcoin.ltd/wp-content/plugins/user-registration/assets/js/frontend/user-registration-form-validator.min5f00.js]
[profitcoin.ltd/wp-content/uploads/essential-addons-elementor/bc642f7e6.min8de9.js]
[profitcoin.ltd/wp-content/uploads/elementor/css/post-257f6f9.css]
[profitcoin.ltd/index548d.html]
[profitcoin.ltd/dashboard/lost-password/index.html]
[profitcoin.ltd/wp-content/plugins/user-registration/assets/js/jquery-tiptip/jquery.tipTip.min6f3e.js]
[profitcoin.ltd/wp-content/uploads/essential-addons-elementor/350bd4d96.minc5ba.js]
[profitcoin.ltd/wp-content/uploads/elementor/css/post-203559e.css]
[profitcoin.ltd/indexc39e.html]
[profitcoin.ltd/wp-content/uploads/essential-addons-elementor/e323cb1e3.mina4ca.js]
[profitcoin.ltd/wp-content/plugins/cryptocurrency-price-ticker-widget/assets/font/ccpwicons105e.svg]
[profitcoin.ltd/wp-content/plugins/premium-addons-for-elementor/assets/editor/fonts/pa-elements8adc.svg]
[profitcoin.ltd/GET.html]
[profitcoin.ltd/Error pJS - No image.html]
[profitcoin.ltd/Version/index.html]
[profitcoin.ltd/version/index-2.html]
[profitcoin.ltd/edge/index.html]
[profitcoin.ltd/giItT1WQy@!-/index.html]
[profitcoin.ltd/images/index.html]
[profitcoin.ltd/Edge/index-2.html]
[profitcoin.ltd/Gecko/index.html]
[profitcoin.ltd/Firefox/index.html]
